// Jest Snapshot v1, https://goo.gl/fbAQLP

exports[`<Main /> Should render the heading 1`] = `
<main
  class="styles__Wrapper-n3tl0o-0 gACAYW"
>
  <img
    alt="Imagem de uma átomo e React Avançado escrito ao lado"
    class="styles__Logo-n3tl0o-1 kyidDX"
    src="/img/logo.svg"
  />
  <h1
    class="styles__Title-n3tl0o-2 hxmMzC"
  >
    React Avançado
  </h1>
  <h2
    class="styles__Description-n3tl0o-3 dZPoVN"
  >
    TypeScript, ReactJs, NextJs e Styled Components
  </h2>
  <img
    alt="Um desenvolvedor de frente para uma tela dom código"
    class="styles__Illustration-n3tl0o-4 bTktIU"
    src="/img/hero-illustration.svg"
  />
</main>
`;
